###############################################################################
#
# IAR ELF Linker V8.32.1.169/W32 for ARM                  24/Jun/2022  08:44:58
# Copyright 2007-2018 IAR Systems AB.
#
#    Output file  =  C:\Users\Tom\Desktop\ti\Debug\Exe\Template.out
#    Map file     =  C:\Users\Tom\Desktop\ti\Debug\List\Template.map
#    Command line =  
#        -f C:\Users\Tom\AppData\Local\Temp\EW56D6.tmp
#        (C:\Users\Tom\Desktop\ti\Debug\Obj\AppMain.o
#        C:\Users\Tom\Desktop\ti\lib\msp432p4xx_driverlib.a
#        C:\Users\Tom\Desktop\ti\Debug\Obj\startup_msp432p401r_ewarm.o
#        C:\Users\Tom\Desktop\ti\Debug\Obj\system_msp432p401r.o
#        --no_out_extension -o C:\Users\Tom\Desktop\ti\Debug\Exe\Template.out
#        --map C:\Users\Tom\Desktop\ti\Debug\List\Template.map --config
#        "C:\Program Files (x86)\IAR Systems\Embedded Workbench
#        8.2\arm\config\linker\TexasInstruments\msp432p401r.icf" --semihosting
#        --entry __iar_program_start --vfe --text_out locale)
#
###############################################################################

*******************************************************************************
*** RUNTIME MODEL ATTRIBUTES
***

CppFlavor       = *
__SystemLibrary = DLib
__dlib_version  = 6


*******************************************************************************
*** HEAP SELECTION
***

The basic heap was selected because no calls to memory allocation
functions were found in the application outside of system library
functions, and there are calls to deallocation functions in the
application.


*******************************************************************************
*** PLACEMENT SUMMARY
***

"A0":  place at 0x0 { ro section .intvec };
"P1":  place in [from 0x0 to 0x3'ffff] { ro };
define block CSTACK with size = 4K, alignment = 8 { };
define block PROC_STACK with size = 0M, alignment = 8 { };
define block HEAP with size = 8K, alignment = 8 { };
"P3":  place in [from 0x0 to 0x0] |
                [from 0x2000'0000 to 0x2000'ffff] {
          rw, block CSTACK, block PROC_STACK, block HEAP };
do not initialize { section .noinit };

No sections matched the following patterns:

  ro section application_specific_ro  in "P2|P4"
  rw section application_specific_rw  in "P2|P4"
  section .info                       in "P5"


  Section  Kind         Address   Size  Object
  -------  ----         -------   ----  ------
"A0":                            0x140
  .intvec  const            0x0  0x140  startup_msp432p401r_ewarm.o [1]
                        - 0x140  0x140

"P1":                            0x18e
  .text    ro code        0x140   0x94  AppMain.o [1]
  .text    ro code        0x1d4   0x70  system_msp432p401r.o [1]
  .text    ro code        0x244   0x22  fpinit_M.o [3]
  .text    ro code        0x268   0x1e  cmain.o [4]
  .text    ro code        0x286    0x4  low_level_init.o [2]
  .text    ro code        0x28a    0x4  exit.o [2]
  .text    ro code        0x290    0xa  cexit.o [4]
  .text    ro code        0x29c   0x14  exit.o [5]
  .text    ro code        0x2b0   0x12  startup_msp432p401r_ewarm.o [1]
  .text    ro code        0x2c2    0xc  cstartup_M.o [4]
                        - 0x2ce  0x18e

"P3":                            0x200
  .noinit  uninit   0x2000'0000  0x200  startup_msp432p401r_ewarm.o [1]
                  - 0x2000'0200  0x200

Unused ranges:

         From           To      Size
         ----           --      ----
        0x2ce     0x3'ffff  0x3'fd32
  0x2000'0200  0x2000'ffff    0xfe00



*******************************************************************************
*** MODULE SUMMARY
***

    Module                       ro code  ro data  rw data
    ------                       -------  -------  -------
command line/config:
    ------------------------------------------------------
    Total:

C:\Users\Tom\Desktop\ti\Debug\Obj: [1]
    AppMain.o                        148
    startup_msp432p401r_ewarm.o       18      320      512
    system_msp432p401r.o             112
    ------------------------------------------------------
    Total:                           278      320      512

dl7M_tln.a: [2]
    exit.o                             4
    low_level_init.o                   4
    ------------------------------------------------------
    Total:                             8

m7M_tls.a: [3]
    fpinit_M.o                        34
    ------------------------------------------------------
    Total:                            34

rt7M_tl.a: [4]
    cexit.o                           10
    cmain.o                           30
    cstartup_M.o                      12
    ------------------------------------------------------
    Total:                            52

shb_l.a: [5]
    exit.o                            20
    ------------------------------------------------------
    Total:                            20

    Gaps                               6
----------------------------------------------------------
    Grand Total:                     398      320      512


*******************************************************************************
*** ENTRY LIST
***

Entry                     Address   Size  Type      Object
-----                     -------   ----  ----      ------
?main                       0x269         Code  Gb  cmain.o [4]
FaultISR                    0x2bf    0x2  Code  Lc  startup_msp432p401r_ewarm.o [1]
IntDefaultHandler           0x2c1    0x2  Code  Lc  startup_msp432p401r_ewarm.o [1]
NmiSR                       0x2bd    0x2  Code  Lc  startup_msp432p401r_ewarm.o [1]
PORT1_IRQHandler            0x199   0x28  Code  Gb  AppMain.o [1]
Region$$Table$$Base           0x0          --   Gb  - Linker created -
Region$$Table$$Limit          0x0          --   Gb  - Linker created -
ResetISR                    0x2b1    0xc  Code  Gb  startup_msp432p401r_ewarm.o [1]
SystemInit                  0x1d5   0x4c  Code  Gb  system_msp432p401r.o [1]
__cmain                     0x269         Code  Gb  cmain.o [4]
__exit                      0x29d   0x14  Code  Gb  exit.o [5]
__iar_init_vfp              0x245         Code  Gb  fpinit_M.o [3]
__iar_program_start         0x2c3         Code  Gb  cstartup_M.o [4]
__low_level_init            0x287    0x4  Code  Gb  low_level_init.o [2]
__vector_table                0x0  0x140  Data  Gb  startup_msp432p401r_ewarm.o [1]
_call_main                  0x275         Code  Gb  cmain.o [4]
_exit                       0x291         Code  Gb  cexit.o [4]
_main                       0x283         Code  Gb  cmain.o [4]
exit                        0x28b    0x4  Code  Gb  exit.o [2]
main                        0x141   0x58  Code  Gb  AppMain.o [1]
systemStack           0x2000'0000  0x200  Data  Lc  startup_msp432p401r_ewarm.o [1]


[1] = C:\Users\Tom\Desktop\ti\Debug\Obj
[2] = dl7M_tln.a
[3] = m7M_tls.a
[4] = rt7M_tl.a
[5] = shb_l.a

  398 bytes of readonly  code memory
  320 bytes of readonly  data memory
  512 bytes of readwrite data memory

Errors: none
Warnings: none
